// Jest Snapshot v1, https://goo.gl/fbAQLP

exports[`should render ListHookGroupss page 1`] = `<DocumentFragment />`;
